MySQL Shell 8.0.43

Copyright (c) 2016, 2025, Oracle and/or its affiliates.
Oracle is a registered trademark of Oracle Corporation and/or its affiliates.
Other names may be trademarks of their respective owners.

Type '\help' or '\?' for help; '\quit' to exit.
 MySQL  JS > \sql
Switching to SQL mode... Commands end with ;
 MySQL  SQL > \connect --mc root@localhost
Creating a Classic session to 'root@localhost'
Fetching global names for auto-completion... Press ^C to stop.
Your MySQL connection id is 8
Server version: 8.0.43 MySQL Community Server - GPL
No default schema selected; type \use <schema> to set one.
 MySQL  localhost:3306 ssl  SQL > show dabases;
ERROR: 1064 (42000): You have an error in your SQL syntax; check the manual that corresponds to your MySQL server version for the right syntax to use near 'dabases' at line 1
 MySQL  localhost:3306 ssl  SQL > show databases;
+--------------------+
| Database           |
+--------------------+
| information_schema |
| mysql              |
| performance_schema |
| prueba_tbd         |
| sakila             |
| sys                |
| tbd1               |
| world              |
+--------------------+
8 rows in set (0.0020 sec)
 MySQL  localhost:3306 ssl  SQL > use tbd1;
Default schema set to `tbd1`.
Fetching global names, object names from `tbd1` for auto-completion... Press ^C to stop.
 MySQL  localhost:3306 ssl  tbd1  SQL > create table curso(
                                     -> roll_name int auto_increment not null key,
                                     -> name varchar(50) not null,
                                     -> subject enum("");
ERROR: 1064 (42000): You have an error in your SQL syntax; check the manual that corresponds to your MySQL server version for the right syntax to use near '' at line 4
 MySQL  localhost:3306 ssl  tbd1  SQL > create table curso( roll_name int not null, name varchar(50) not null, subject varchar(50) not null);
Query OK, 0 rows affected (0.0894 sec)
 MySQL  localhost:3306 ssl  tbd1  SQL > insert into curso
                                     -> values("100","faiz","java"),("101","rama","c++"),("101","rama","java");
Query OK, 3 rows affected (0.0244 sec)

Records: 3  Duplicates: 0  Warnings: 0
 MySQL  localhost:3306 ssl  tbd1  SQL > show tables;
+----------------+
| Tables_in_tbd1 |
+----------------+
| cliente        |
| cliente_datos  |
| curso          |
| customer       |
| docente        |
| ficha          |
| persona        |
| playeras       |
| student        |
+----------------+
9 rows in set (0.0115 sec)
 MySQL  localhost:3306 ssl  tbd1  SQL > create table estudiante(
                                     -> IDSt int auto_increment key not null,LastName varchar(50) not null,IDprof int,
                                     -> prof varchar(50) not null,Grade int not null);
Query OK, 0 rows affected (0.0478 sec)
 MySQL  localhost:3306 ssl  tbd1  SQL > insert into estudiante(
                                     -> ;
ERROR: 1064 (42000): You have an error in your SQL syntax; check the manual that corresponds to your MySQL server version for the right syntax to use near '' at line 1
 MySQL  localhost:3306 ssl  tbd1  SQL > drop table estudiante;
Query OK, 0 rows affected (0.0377 sec)
 MySQL  localhost:3306 ssl  tbd1  SQL > create table estudiante(
                                     -> IDSt;
ERROR: 1064 (42000): You have an error in your SQL syntax; check the manual that corresponds to your MySQL server version for the right syntax to use near '' at line 2
 MySQL  localhost:3306 ssl  tbd1  SQL >
